Archive member included to satisfy reference by file (symbol)

c:/nxp/mcuxpressoide_10.0.0_344/ide/tools/bin/../lib/gcc/arm-none-eabi/5.4.1/../../../../arm-none-eabi/lib/armv6-m\libm.a(lib_a-s_round.o)
                              ./framework/XCVR/MKW41Z4/fsl_xcvr.o (round)
c:/nxp/mcuxpressoide_10.0.0_344/ide/tools/bin/../lib/gcc/arm-none-eabi/5.4.1/../../../../arm-none-eabi/lib/armv6-m\libm.a(lib_a-s_trunc.o)
                              ./framework/XCVR/MKW41Z4/fsl_xcvr.o (trunc)
c:/nxp/mcuxpressoide_10.0.0_344/ide/tools/bin/../lib/gcc/arm-none-eabi/5.4.1/../../../../arm-none-eabi/lib/armv6-m\libm.a(lib_a-sf_round.o)
                              ./framework/XCVR/MKW41Z4/fsl_xcvr_trim.o (roundf)
c:/nxp/mcuxpressoide_10.0.0_344/ide/tools/bin/../lib/gcc/arm-none-eabi/5.4.1/../../../../arm-none-eabi/lib/armv6-m\libc.a(lib_a-exit.o)
                              c:/nxp/mcuxpressoide_10.0.0_344/ide/tools/bin/../lib/gcc/arm-none-eabi/5.4.1/../../../../arm-none-eabi/lib/armv6-m/crt0.o (exit)
c:/nxp/mcuxpressoide_10.0.0_344/ide/tools/bin/../lib/gcc/arm-none-eabi/5.4.1/../../../../arm-none-eabi/lib/armv6-m\libc.a(lib_a-impure.o)
                              c:/nxp/mcuxpressoide_10.0.0_344/ide/tools/bin/../lib/gcc/arm-none-eabi/5.4.1/../../../../arm-none-eabi/lib/armv6-m\libc.a(lib_a-exit.o) (_global_impure_ptr)
c:/nxp/mcuxpressoide_10.0.0_344/ide/tools/bin/../lib/gcc/arm-none-eabi/5.4.1/../../../../arm-none-eabi/lib/armv6-m\libc.a(lib_a-init.o)
                              c:/nxp/mcuxpressoide_10.0.0_344/ide/tools/bin/../lib/gcc/arm-none-eabi/5.4.1/../../../../arm-none-eabi/lib/armv6-m/crt0.o (__libc_init_array)
c:/nxp/mcuxpressoide_10.0.0_344/ide/tools/bin/../lib/gcc/arm-none-eabi/5.4.1/../../../../arm-none-eabi/lib/armv6-m\libc.a(lib_a-memcpy-stub.o)
                              ./freertos/queue.o (memcpy)
c:/nxp/mcuxpressoide_10.0.0_344/ide/tools/bin/../lib/gcc/arm-none-eabi/5.4.1/../../../../arm-none-eabi/lib/armv6-m\libc.a(lib_a-memset.o)
                              c:/nxp/mcuxpressoide_10.0.0_344/ide/tools/bin/../lib/gcc/arm-none-eabi/5.4.1/../../../../arm-none-eabi/lib/armv6-m/crt0.o (memset)
c:/nxp/mcuxpressoide_10.0.0_344/ide/tools/bin/../lib/gcc/arm-none-eabi/5.4.1/../../../../arm-none-eabi/lib/armv6-m\libc.a(lib_a-strcmp.o)
                              ./framework/Shell/Source/shell.o (strcmp)
c:/nxp/mcuxpressoide_10.0.0_344/ide/tools/bin/../lib/gcc/arm-none-eabi/5.4.1/../../../../arm-none-eabi/lib/armv6-m\libc.a(lib_a-strcpy.o)
                              ./framework/Shell/Source/shell.o (strcpy)
c:/nxp/mcuxpressoide_10.0.0_344/ide/tools/bin/../lib/gcc/arm-none-eabi/5.4.1/../../../../arm-none-eabi/lib/armv6-m\libc.a(lib_a-strlen-stub.o)
                              ./utilities/fsl_debug_console.o (strlen)
c:/nxp/mcuxpressoide_10.0.0_344/ide/tools/bin/../lib/gcc/arm-none-eabi/5.4.1/../../../../arm-none-eabi/lib/armv6-m\libc.a(lib_a-strncmp.o)
                              ./framework/Shell/Source/shell_cmdhelp.o (strncmp)
c:/nxp/mcuxpressoide_10.0.0_344/ide/tools/bin/../lib/gcc/arm-none-eabi/5.4.1/../../../../arm-none-eabi/lib/armv6-m\libc.a(lib_a-__call_atexit.o)
                              c:/nxp/mcuxpressoide_10.0.0_344/ide/tools/bin/../lib/gcc/arm-none-eabi/5.4.1/../../../../arm-none-eabi/lib/armv6-m\libc.a(lib_a-exit.o) (__call_exitprocs)
c:/nxp/mcuxpressoide_10.0.0_344/ide/tools/bin/../lib/gcc/arm-none-eabi/5.4.1/../../../../arm-none-eabi/lib/armv6-m\libc.a(lib_a-atexit.o)
                              c:/nxp/mcuxpressoide_10.0.0_344/ide/tools/bin/../lib/gcc/arm-none-eabi/5.4.1/../../../../arm-none-eabi/lib/armv6-m\libc.a(lib_a-__call_atexit.o) (atexit)
c:/nxp/mcuxpressoide_10.0.0_344/ide/tools/bin/../lib/gcc/arm-none-eabi/5.4.1/../../../../arm-none-eabi/lib/armv6-m\libc.a(lib_a-fini.o)
                              c:/nxp/mcuxpressoide_10.0.0_344/ide/tools/bin/../lib/gcc/arm-none-eabi/5.4.1/../../../../arm-none-eabi/lib/armv6-m\libc.a(lib_a-__call_atexit.o) (__libc_fini_array)
c:/nxp/mcuxpressoide_10.0.0_344/ide/tools/bin/../lib/gcc/arm-none-eabi/5.4.1/../../../../arm-none-eabi/lib/armv6-m\libc.a(lib_a-__atexit.o)
                              c:/nxp/mcuxpressoide_10.0.0_344/ide/tools/bin/../lib/gcc/arm-none-eabi/5.4.1/../../../../arm-none-eabi/lib/armv6-m\libc.a(lib_a-atexit.o) (__register_exitproc)
c:/nxp/mcuxpressoide_10.0.0_344/ide/tools/bin/../lib/gcc/arm-none-eabi/5.4.1/armv6-m\libgcc.a(_udivsi3.o)
                              ./utilities/fsl_debug_console.o (__aeabi_uidiv)
c:/nxp/mcuxpressoide_10.0.0_344/ide/tools/bin/../lib/gcc/arm-none-eabi/5.4.1/armv6-m\libgcc.a(_divsi3.o)
                              ./utilities/fsl_debug_console.o (__aeabi_idiv)
c:/nxp/mcuxpressoide_10.0.0_344/ide/tools/bin/../lib/gcc/arm-none-eabi/5.4.1/armv6-m\libgcc.a(_dvmd_tls.o)
                              c:/nxp/mcuxpressoide_10.0.0_344/ide/tools/bin/../lib/gcc/arm-none-eabi/5.4.1/armv6-m\libgcc.a(_udivsi3.o) (__aeabi_idiv0)
[...]
Memory Configuration

Name             Origin             Length             Attributes
TEXT_region1     0x00000000         0x00000400         xr
m_flash_config_region 0x00000400         0x00000010         xr
TEXT_region2     0x00000411         0x0007d3ee         xr
NVM_region       0x0007d800         0x00001fff         rw
DATA_region      0x1fff8000         0x00020000         rw
PRODUCT_INFO_region 0x0007f800         0x000007ff         xr
*default*        0x00000000         0xffffffff

Linker script and memory map

LOAD c:/nxp/mcuxpressoide_10.0.0_344/ide/tools/bin/../lib/gcc/arm-none-eabi/5.4.1/armv6-m/crti.o
LOAD c:/nxp/mcuxpressoide_10.0.0_344/ide/tools/bin/../lib/gcc/arm-none-eabi/5.4.1/armv6-m/crtbegin.o
LOAD c:/nxp/mcuxpressoide_10.0.0_344/ide/tools/bin/../lib/gcc/arm-none-eabi/5.4.1/../../../../arm-none-eabi/lib/armv6-m/crt0.o
LOAD ./utilities/fsl_debug_console.o
LOAD ./startup/startup_MKW41Z4.o
LOAD ./source/common/gatt_db/gatt_database.o
LOAD ./source/common/ApplMain.o
LOAD ./source/common/ble_conn_manager.o
LOAD ./source/common/ble_controller_task.o
LOAD ./source/common/ble_host_tasks.o
LOAD ./source/common/ble_init.o
LOAD ./source/common/ble_service_discovery.o
LOAD ./source/app_config.o
LOAD ./source/mtb.o
LOAD ./source/wireless_uart.o
LOAD ./freertos/croutine.o
LOAD ./freertos/event_groups.o
LOAD ./freertos/fsl_tickless_lptmr.o
LOAD ./freertos/fsl_tickless_systick.o
LOAD ./freertos/heap_4.o
LOAD ./freertos/list.o
LOAD ./freertos/port.o
LOAD ./freertos/queue.o
LOAD ./freertos/tasks.o
LOAD ./freertos/timers.o
LOAD ./framework/XCVR/MKW41Z4/cfgs_kw4x_3x_2x/fsl_xcvr_ant_config.o
LOAD ./framework/XCVR/MKW41Z4/cfgs_kw4x_3x_2x/fsl_xcvr_ble_config.o
LOAD ./framework/XCVR/MKW41Z4/cfgs_kw4x_3x_2x/fsl_xcvr_common_config.o
LOAD ./framework/XCVR/MKW41Z4/cfgs_kw4x_3x_2x/fsl_xcvr_gfsk_bt_0p3_h_0p5_config.o
LOAD ./framework/XCVR/MKW41Z4/cfgs_kw4x_3x_2x/fsl_xcvr_gfsk_bt_0p5_h_0p32_config.o
LOAD ./framework/XCVR/MKW41Z4/cfgs_kw4x_3x_2x/fsl_xcvr_gfsk_bt_0p5_h_0p5_config.o
LOAD ./framework/XCVR/MKW41Z4/cfgs_kw4x_3x_2x/fsl_xcvr_gfsk_bt_0p5_h_0p7_config.o
LOAD ./framework/XCVR/MKW41Z4/cfgs_kw4x_3x_2x/fsl_xcvr_gfsk_bt_0p5_h_1p0_config.o
LOAD ./framework/XCVR/MKW41Z4/cfgs_kw4x_3x_2x/fsl_xcvr_gfsk_bt_0p7_h_0p5_config.o
LOAD ./framework/XCVR/MKW41Z4/cfgs_kw4x_3x_2x/fsl_xcvr_mode_datarate_config.o
LOAD ./framework/XCVR/MKW41Z4/cfgs_kw4x_3x_2x/fsl_xcvr_msk_config.o
LOAD ./framework/XCVR/MKW41Z4/cfgs_kw4x_3x_2x/fsl_xcvr_zgbe_config.o
LOAD ./framework/XCVR/MKW41Z4/dbg_ram_capture.o
LOAD ./framework/XCVR/MKW41Z4/fsl_xcvr.o
LOAD ./framework/XCVR/MKW41Z4/fsl_xcvr_trim.o
LOAD ./framework/XCVR/MKW41Z4/ifr_radio.o
LOAD ./framework/TimersManager/Source/TMR_Adapter.o
LOAD ./framework/TimersManager/Source/TimersManager.o
LOAD ./framework/Shell/Source/shell.o
LOAD ./framework/Shell/Source/shell_autocomplete.o
LOAD ./framework/Shell/Source/shell_cmdhelp.o
LOAD ./framework/Shell/Source/shell_cmdhist.o
LOAD ./framework/SerialManager/Source/UART_Adapter/UART_Adapter.o
LOAD ./framework/SerialManager/Source/SPI_Adapter/SPI_Adapter.o
LOAD ./framework/SerialManager/Source/I2C_Adapter/I2C_Adapter.o
LOAD ./framework/SerialManager/Source/SerialManager.o
LOAD ./framework/SecLib/SecLib.o
LOAD ./framework/Reset/Reset.o
LOAD ./framework/RNG/Source/RNG.o
LOAD ./framework/Panic/Source/Panic.o
LOAD ./framework/OSAbstraction/Source/fsl_os_abstraction_free_rtos.o
LOAD ./framework/NVM/Source/NV_Flash.o
LOAD ./framework/NVM/Source/NV_FsciCommands.o
LOAD ./framework/ModuleInfo/ModuleInfo.o
LOAD ./framework/Messaging/Source/Messaging.o
LOAD ./framework/MemManager/Source/MemManager.o
LOAD ./framework/MWSCoexistence/Source/MWS.o
LOAD ./framework/Lists/GenericList.o
LOAD ./framework/LED/Source/LED.o
LOAD ./framework/Keyboard/Source/Keyboard.o
LOAD ./framework/GPIO/GPIO_Adapter.o
LOAD ./framework/FunctionLib/FunctionLib.o
LOAD ./framework/Flash/Internal/Flash_Adapter.o
LOAD ./framework/DCDC/Source/DCDC.o
LOAD ./drivers/fsl_adc16.o
LOAD ./drivers/fsl_clock.o
LOAD ./drivers/fsl_common.o
LOAD ./drivers/fsl_dspi.o
LOAD ./drivers/fsl_dspi_freertos.o
LOAD ./drivers/fsl_flash.o
LOAD ./drivers/fsl_gpio.o
LOAD ./drivers/fsl_i2c.o
LOAD ./drivers/fsl_i2c_freertos.o
LOAD ./drivers/fsl_llwu.o
LOAD ./drivers/fsl_lptmr.o
LOAD ./drivers/fsl_lpuart.o
LOAD ./drivers/fsl_lpuart_freertos.o
LOAD ./drivers/fsl_ltc.o
LOAD ./drivers/fsl_pmc.o
LOAD ./drivers/fsl_rtc.o
LOAD ./drivers/fsl_smc.o
LOAD ./drivers/fsl_tpm.o
LOAD ./drivers/fsl_trng.o
LOAD ./board/board.o
LOAD ./board/clock_config.o
LOAD ./board/gpio_pins.o
LOAD ./board/pin_mux.o
LOAD ./bluetooth/profiles/wireless_uart/wireless_uart_service.o
LOAD ./bluetooth/profiles/device_info/device_info_service.o
LOAD ./bluetooth/profiles/battery/battery_service.o
LOAD ./bluetooth/host/config/ble_globals.o
LOAD ./bluetooth/hci_transport/source/hcit_serial_interface.o
LOAD ./CMSIS/system_MKW41Z4.o
LOAD c:/nxp/mcuxpressoide_10.0.0_344/ide/tools/bin/../lib/gcc/arm-none-eabi/5.4.1/../../../../arm-none-eabi/lib/armv6-m\libm.a
LOAD c:/nxp/mcuxpressoide_10.0.0_344/ide/tools/bin/../lib/gcc/arm-none-eabi/5.4.1/../../../../arm-none-eabi/lib/armv6-m\libc.a
LOAD c:/nxp/mcuxpressoide_10.0.0_344/ide/tools/bin/../lib/gcc/arm-none-eabi/5.4.1/armv6-m\libgcc.a
LOAD c:/nxp/mcuxpressoide_10.0.0_344/ide/tools/bin/../lib/gcc/arm-none-eabi/5.4.1/../../../../arm-none-eabi/lib/armv6-m\libnosys.a
LOAD D:\MCUXpressoIDE_workspace\frdmkw41z_wireless_examples_bluetooth_wireless_uart_freertos_05\libs\lib_ble_kw41z_controller.a
LOAD D:\MCUXpressoIDE_workspace\frdmkw41z_wireless_examples_bluetooth_wireless_uart_freertos_05\libs\lib_ble_4-2_host_cm0p.a
LOAD D:\MCUXpressoIDE_workspace\frdmkw41z_wireless_examples_bluetooth_wireless_uart_freertos_05\libs\lib_crypto_m0.a
START GROUP
LOAD c:/nxp/mcuxpressoide_10.0.0_344/ide/tools/bin/../lib/gcc/arm-none-eabi/5.4.1/armv6-m\libgcc.a
LOAD c:/nxp/mcuxpressoide_10.0.0_344/ide/tools/bin/../lib/gcc/arm-none-eabi/5.4.1/../../../../arm-none-eabi/lib/armv6-m\libc.a
END GROUP
LOAD c:/nxp/mcuxpressoide_10.0.0_344/ide/tools/bin/../lib/gcc/arm-none-eabi/5.4.1/armv6-m/crtend.o
LOAD c:/nxp/mcuxpressoide_10.0.0_344/ide/tools/bin/../lib/gcc/arm-none-eabi/5.4.1/armv6-m/crtn.o
                0x1fff8000                _RAM_START_ = 0x1fff8000
                0x20017fff                _RAM_END_ = 0x20017fff
                0x0007f800                FREESCALE_PROD_DATA_BASE_ADDR = 0x7f800
                0x00000800                NV_STORAGE_SECTOR_SIZE = 0x800
                0x00000004                NV_STORAGE_MAX_SECTORS = 0x4
                0x0007f7ff                NV_STORAGE_START_ADDRESS = 0x7f7ff
                0x0007d800                NV_STORAGE_END_ADDRESS = ((NV_STORAGE_START_ADDRESS - (NV_STORAGE_MAX_SECTORS * NV_STORAGE_SECTOR_SIZE)) + 0x1)
                0x000000c0                __RAM_VECTOR_TABLE_SIZE = 0xc0
                0x20017e6a                __BOOT_STACK_ADDRESS = 0x20017e6a
                0x1ffffffb                __dummy_start = 0x1ffffffb

.interrupts     0x00000000       0xc0
                0x00000000                __VECTOR_TABLE = .
                0x00000000                . = ALIGN (0x4)
 *(.isr_vector)
 .isr_vector    0x00000000       0xc0 ./startup/startup_MKW41Z4.o
                0x00000000                __isr_vector
                0x000000c0                . = ALIGN (0x4)

.freescale_prod_data
                0x0007f800        0x0
                0x0007f800                . = ALIGN (0x4)
 *(.FREESCALE_PROD_DATA)
                0x0007f800                . = ALIGN (0x4)

.flash_config   0x00000400       0x10
                0x00000400                . = ALIGN (0x4)
 *(.FlashConfig)
 .FlashConfig   0x00000400       0x10 ./startup/startup_MKW41Z4.o
                0x00000410                . = ALIGN (0x4)

.text           0x00000420    0x331c4
                0x00000420                . = ALIGN (0x4)
 *(.text)
 .text          0x00000420       0x60 c:/nxp/mcuxpressoide_10.0.0_344/ide/tools/bin/../lib/gcc/arm-none-eabi/5.4.1/armv6-m/crtbegin.o
 .text          0x00000480       0x78 c:/nxp/mcuxpressoide_10.0.0_344/ide/tools/bin/../lib/gcc/arm-none-eabi/5.4.1/../../../../arm-none-eabi/lib/armv6-m/crt0.o
                0x00000480                _start
                0x00000480                _mainCRTStartup
 .text          0x000004f8       0xc0 ./startup/startup_MKW41Z4.o
                0x000004f8                Reset_Handler
                0x00000540                Radio_0_IRQHandler
                0x00000540                DMA0_DriverIRQHandler
                0x00000540                CMP0_IRQHandler
                0x00000540                DMA2_DriverIRQHandler
                0x00000540                LPTMR0_IRQHandler
                0x00000540                TPM0_IRQHandler
                0x00000540                Radio_1_IRQHandler
                0x00000540                LLWU_IRQHandler
                0x00000540                TSI0_IRQHandler
                0x00000540                ADC0_IRQHandler
                0x00000540                CMT_IRQHandler
                0x00000540                FTFA_IRQHandler
                0x00000540                DefaultISR
                0x00000540                PORTB_PORTC_IRQHandler
                0x00000540                TPM2_IRQHandler
                0x00000540                RTC_IRQHandler
                0x00000540                LVD_LVW_DCDC_IRQHandler
                0x00000540                DMA3_DriverIRQHandler
                0x00000540                RTC_Seconds_IRQHandler
                0x00000540                MCG_IRQHandler
                0x00000540                TRNG0_IRQHandler
                0x00000540                Reserved20_IRQHandler
                0x00000540                LTC0_IRQHandler
                0x00000540                PIT_IRQHandler
                0x00000540                DMA1_DriverIRQHandler
                0x00000540                PORTA_IRQHandler
                0x00000540                TPM1_IRQHandler
                0x00000540                DAC0_IRQHandler
                0x00000548                HardFault_Handler
                0x00000558                DMA0_IRQHandler
                0x0000055c                DMA1_IRQHandler
                0x00000560                DMA2_IRQHandler
                0x00000564                DMA3_IRQHandler
                0x00000568                I2C0_IRQHandler
                0x0000056c                I2C1_IRQHandler
                0x00000570                SPI0_IRQHandler
                0x00000574                LPUART0_IRQHandler
                0x00000578                SPI1_IRQHandler
 .text          0x000005b8      0x114 c:/nxp/mcuxpressoide_10.0.0_344/ide/tools/bin/../lib/gcc/arm-none-eabi/5.4.1/armv6-m\libgcc.a(_udivsi3.o)
                0x000005b8                __aeabi_uidiv
                0x000005b8                __udivsi3
                0x000006c4                __aeabi_uidivmod
 .text          0x000006cc      0x1d4 c:/nxp/mcuxpressoide_10.0.0_344/ide/tools/bin/../lib/gcc/arm-none-eabi/5.4.1/armv6-m\libgcc.a(_divsi3.o)
                0x000006cc                __divsi3
                0x000006cc                __aeabi_idiv
                0x00000898                __aeabi_idivmod
 .text          0x000008a0        0x4 c:/nxp/mcuxpressoide_10.0.0_344/ide/tools/bin/../lib/gcc/arm-none-eabi/5.4.1/armv6-m\libgcc.a(_dvmd_tls.o)
                0x000008a0                __aeabi_idiv0
                0x000008a0                __aeabi_ldiv0
 .text          0x000008a4       0x74 c:/nxp/mcuxpressoide_10.0.0_344/ide/tools/bin/../lib/gcc/arm-none-eabi/5.4.1/armv6-m\libgcc.a(_arm_cmpsf2.o)
                0x000008a4                __aeabi_cfrcmple
                0x000008ac                __aeabi_cfcmpeq
                0x000008ac                __aeabi_cfcmple
                0x000008bc                __aeabi_fcmpeq
                0x000008c8                __aeabi_fcmplt
                0x000008dc                __aeabi_fcmple
                0x000008f0                __aeabi_fcmpgt
                0x00000904                __aeabi_fcmpge
 .text          0x00000918       0x40 c:/nxp/mcuxpressoide_10.0.0_344/ide/tools/bin/../lib/gcc/arm-none-eabi/5.4.1/armv6-m\libgcc.a(_aeabi_uldivmod.o)
                0x00000918                __aeabi_uldivmod
 .text          0x00000958       0x58 c:/nxp/mcuxpressoide_10.0.0_344/ide/tools/bin/../lib/gcc/arm-none-eabi/5.4.1/armv6-m\libgcc.a(_muldi3.o)
                0x00000958                __muldi3
                0x00000958                __aeabi_lmul
 .text          0x000009b0       0x30 c:/nxp/mcuxpressoide_10.0.0_344/ide/tools/bin/../lib/gcc/arm-none-eabi/5.4.1/armv6-m\libgcc.a(_fixunssfsi.o)
                0x000009b0                __fixunssfsi
                0x000009b0                __aeabi_f2uiz
 .text          0x000009e0      0x180 c:/nxp/mcuxpressoide_10.0.0_344/ide/tools/bin/../lib/gcc/arm-none-eabi/5.4.1/armv6-m\libgcc.a(_udivmoddi4.o)
                0x000009e0                __udivmoddi4
 .text          0x00000b60      0x2ec c:/nxp/mcuxpressoide_10.0.0_344/ide/tools/bin/../lib/gcc/arm-none-eabi/5.4.1/armv6-m\libgcc.a(addsf3.o)
                0x00000b60                __aeabi_fadd
 .text          0x00000e4c      0x234 c:/nxp/mcuxpressoide_10.0.0_344/ide/tools/bin/../lib/gcc/arm-none-eabi/5.4.1/armv6-m\libgcc.a(divsf3.o)
                0x00000e4c                __aeabi_fdiv
 .text          0x00001080       0x50 c:/nxp/mcuxpressoide_10.0.0_344/ide/tools/bin/../lib/gcc/arm-none-eabi/5.4.1/armv6-m\libgcc.a(eqsf2.o)
                0x00001080                __eqsf2
                0x00001080                __nesf2
 .text          0x000010d0       0x88 c:/nxp/mcuxpressoide_10.0.0_344/ide/tools/bin/../lib/gcc/arm-none-eabi/5.4.1/armv6-m\libgcc.a(gesf2.o)
                0x000010d0                __gesf2
                0x000010d0                __gtsf2
 .text          0x00001158       0x88 c:/nxp/mcuxpressoide_10.0.0_344/ide/tools/bin/../lib/gcc/arm-none-eabi/5.4.1/armv6-m\libgcc.a(lesf2.o)
                0x00001158                __ltsf2
                0x00001158                __lesf2
 .text          0x000011e0      0x228 c:/nxp/mcuxpressoide_10.0.0_344/ide/tools/bin/../lib/gcc/arm-none-eabi/5.4.1/armv6-m\libgcc.a(mulsf3.o)
                0x000011e0                __aeabi_fmul
 .text          0x00001408      0x30c c:/nxp/mcuxpressoide_10.0.0_344/ide/tools/bin/../lib/gcc/arm-none-eabi/5.4.1/armv6-m\libgcc.a(subsf3.o)
                0x00001408                __aeabi_fsub
 .text          0x00001714       0x44 c:/nxp/mcuxpressoide_10.0.0_344/ide/tools/bin/../lib/gcc/arm-none-eabi/5.4.1/armv6-m\libgcc.a(fixsfsi.o)
                0x00001714                __aeabi_f2iz
 .text          0x00001758       0x90 c:/nxp/mcuxpressoide_10.0.0_344/ide/tools/bin/../lib/gcc/arm-none-eabi/5.4.1/armv6-m\libgcc.a(floatsisf.o)
                0x00001758                __aeabi_i2f
 .text          0x000017e8       0x7c c:/nxp/mcuxpressoide_10.0.0_344/ide/tools/bin/../lib/gcc/arm-none-eabi/5.4.1/armv6-m\libgcc.a(floatunsisf.o)
                0x000017e8                __aeabi_ui2f
 .text          0x00001864       0x3c c:/nxp/mcuxpressoide_10.0.0_344/ide/tools/bin/../lib/gcc/arm-none-eabi/5.4.1/armv6-m\libgcc.a(_clzsi2.o)
                0x00001864                __clzsi2
 .text          0x000018a0       0x18 c:/nxp/mcuxpressoide_10.0.0_344/ide/tools/bin/../lib/gcc/arm-none-eabi/5.4.1/armv6-m\libgcc.a(_clzdi2.o)
                0x000018a0                __clzdi2
 .text          0x000018b8      0x3f0 D:\MCUXpressoIDE_workspace\frdmkw41z_wireless_examples_bluetooth_wireless_uart_freertos_05\libs\lib_ble_kw41z_controller.a(bt_le_bluetooth.o)
                0x000018b8                Controller_Init
                0x000018f6                Hci_SendPacketToController
                0x000018fe                Controller_SendSingleAdvertisement
                0x0000190c                Controller_GetNextInstance
                0x00001914                Controller_GetInactivityDuration
                0x00001952                Controller_SetTxPowerLevel
                0x0000196a                Controller_SetDeviceAddress
                0x0000199c                MWS_BLE_Callback
                0x00001ab8                MWS_COEX_BLE_Callback
                0x00001bd8                Controller_MeshAddToFilterQueue
                0x00001c28                Controller_MeshClearFilterQueue
                0x00001c4c                Controller_MeshFilterPackets
 .text          0x00001ca8      0x22c D:\MCUXpressoIDE_workspace\frdmkw41z_wireless_examples_bluetooth_wireless_uart_freertos_05\libs\lib_ble_kw41z_controller.a(hci_td.o)
                0x00001ca8                pf_hci_get_max_tx_acl_data_size
                0x00001cae                pf_hci_get_max_cmd_size
                0x00001cb2                hci_td_handle_received_packet
                0x00001da0                hci_td_handle_send_single_adv
                0x00001e78                hci_td_tx_packet_data
                0x00001e98                hci_td_tx_packet
                0x00001ed0                hci_td_get_active_status
 .text          0x00001ed4       0x4e D:\MCUXpressoIDE_workspace\frdmkw41z_wireless_examples_bluetooth_wireless_uart_freertos_05\libs\lib_ble_kw41z_controller.a(hci_td_api.o)
                0x00001ed4                hci_td_init
                0x00001ef0                hci_td_deliver_event_to_host
                0x00001f04                hci_td_deliver_acl_data_to_host
 *fill*         0x00001f22        0x2 
 .text          0x00001f24       0xaa D:\MCUXpressoIDE_workspace\frdmkw41z_wireless_examples_bluetooth_wireless_uart_freertos_05\libs\lib_ble_kw41z_controller.a(lec_hci_le_utils.o)
                0x00001f24                hci_le_initialize_data
                0x00001f30                hci_le_module_reset
                0x00001f3a                hci_le_pass_event_through_event_mask
                0x00001fb0                hci_alloc_event_buffer
                0x00001fbe                hci_free_event_buffer
                0x00001fc6                hci_free_rx_data_buffer
 *fill*         0x00001fce        0x2 
 .text          0x00001fd0      0xa1c D:\MCUXpressoIDE_workspace\frdmkw41z_wireless_examples_bluetooth_wireless_uart_freertos_05\libs\lib_ble_kw41z_controller.a(ll.o)
                0x00001fd0                ll_hci_command_process_ind
                0x00001fe8                ll_configure_clock_gating
                0x0000202c                ll_reset_resolving_list
                0x0000204c                ll_is_rpa_using_procedure_running
                0x00002056                ll_config_rpa_timer
                0x0000206a                ll_update_active_features
                0x000020c6                ll_restore_init
                0x000020d0                ll_get_init_status
                0x000020d6                ll_init
                0x0000211c                ll_initialize_device_attributes
                0x00002192                ll_handle_reset
                0x0000219e                ll_reset
                0x000021b2                ll_update_device_fsm
                0x000021ba                ll_get_my_role
                0x000021c8                ll_handle_set_random_address
                0x00002204                ll_get_default_tx_oxtets
                0x0000220a                ll_get_default_tx_time
                0x00002220                ll_handle_read_maximum_data_length_command
                0x0000225a                ll_handle_read_resolvable_private_address_command
                0x000022ac                ll_handle_set_address_resolution_enable_command
                0x000022bc                ll_handle_set_resolvable_private_address_timeout_command
                0x000022cc                ll_get_resolving_list_free_index
                0x000022ee                ll_add_device_in_local_resolving_list
                0x00002314                ll_handle_add_device_in_resolving_list
                0x0000235e                ll_handle_remove_device_from_resolving_list
                0x00002388                ll_handle_clear_resolving_list
                0x000023a2                ll_get_max_resolving_list_size
                0x000023a6                ll_search_peer_identity_addr
                0x000023ea                ll_get_max_white_list_size
                0x000023fc                ll_get_adv_ch_tx_power
                0x0000241c                ll_handle_clear_whitelist
                0x00002432                ll_handle_add_device_in_whitelist
                0x0000246c                ll_handle_remove_device_in_whitelist
                0x00002496                ll_update_channel_map
                0x000024dc                ll_process_pending_channel_update
                0x00002504                ll_handle_read_host_channel_map
                0x00002508                ll_handle_encrypt_host_data
                0x00002542                pf_encrypt_host_data
                0x0000255e                ll_handle_start_receiver_test
                0x0000257a                ll_handle_start_transmitter_test
                0x000025a0                ll_handle_test_test_end
                0x000025d8                ll_get_data_channel_map
                0x00002602                ll_get_transmit_power_level
                0x00002630                ll_get_rssi_value
                0x0000268e                ll_handle_host_data_packet
                0x000026e2                ll_load_host_data_packet
                0x0000271a                ll_handle_set_host_channel_map
                0x0000274c                ll_mark_packet_ready_for_tx
                0x00002762                ll_load_packet_to_fifo
                0x000027f6                ll_get_ack_status
                0x00002828                ll_process_acks
                0x00002898                ll_handle_ack_received
                0x000028ee                pf_le_start_timer
                0x00002904                pf_le_stop_timer
                0x00002918                ll_derive_window_size
                0x00002924                ll_derive_window_offset
                0x00002928                ll_get_ack_status_for_all_connections
                0x00002956                ll_get_active_power_status
 .text          0x000029ec      0x3c8 D:\MCUXpressoIDE_workspace\frdmkw41z_wireless_examples_bluetooth_wireless_uart_freertos_05\libs\lib_ble_kw41z_controller.a(ll_advertiser.o)
                0x000029ec                ll_handle_adv_intr
                0x00002ad0                ll_init_advertiser
                0x00002b30                ll_handle_set_adv_parameters
                0x00002bea                ll_handle_set_adv_data
                0x00002c04                ll_handle_set_scan_resp_data
                0x00002c1e                ll_handle_set_advertise_enable
                0x00002cb4                ll_is_whitelist_in_use_by_advertiser
                0x00002cc6                ll_is_resolving_list_in_use_by_advertiser
                0x00002cd8                ll_is_random_address_in_use_by_advertiser
                0x00002cea                ll_get_adv_type
                0x00002d02                ll_get_adv_status
                0x00002d0e                ll_adv_is_configured_connection_adv
                0x00002d24                lec_send_single_adv
                0x00002d80                lec_single_adv_complete
 .text          0x00002db4     0x2fc4 D:\MCUXpressoIDE_workspace\frdmkw41z_wireless_examples_bluetooth_wireless_uart_freertos_05\libs\lib_ble_kw41z_controller.a(ll_connection.o)
                0x00002db4                ll_conn_fsm_update_state
                0x00002db8                ll_conn_fsm_update_enc_state
                0x00002dbe                ll_conn_fsm_update_dle_update_state
                0x00002dc4                ll_conn_fsm_update_conn_update_state
                0x00002dca                ll_conn_fsm_update_channel_state
                0x00002dd0                ll_init_connection
                0x00002e20                ll_allocate_connection
                0x00002e5a                ll_release_conn_index
                0x00002e70                ll_get_connection_entity
                0x00002e92                ll_handle_disconnect_cmd
                0x00002ee6                ll_fsm_handle_conn_failure_ind
                0x00002eea                ll_fsm_handle_sup_timeout_ind
                0x00002f06                ll_fsm_handle_conn_established_ind
                0x00002f9a                ll_fsm_handle_start_of_conn_interval
                0x00002f9c                ll_fsm_handle_end_of_conn_interval
                0x00002fb0                ll_handle_rx_ind
                0x00002fb8                ll_handle_ack_ind
                0x00002fc0                ll_handle_update_channel_map_ind
                0x00002ff0                ll_handle_conn_failed_ind
                0x00003022                ll_handle_conn_update_ind
                0x00003080                ll_packet_rx_callback
                0x00003092                ll_handle_conn_interrupt
                0x00003200                ll_fsm_move_to_disconnected_state
                0x000032a2                ll_fsm_handle_disconnecting_state
                0x000032b8                ll_fsm_handle_pdu_response_timeout
                0x000032d8                ll_handle_remote_version_cmd
                0x00003394                ll_handle_data_pdu_ack_received
                0x000033a0                ll_handle_incoming_data_packet
                0x000033aa                ll_generate_connection_complete
                0x00003508                ll_generate_disconnection_complete
                0x00003516                ll_extract_pdu_opcode
                0x0000351a                ll_conn_store_pending_tx_pdu
                0x00003532                ll_send_pdu
                0x00003624                ll_convert_hci_llid_to_ll_llid_host_to_controller
                0x00003630                ll_convert_ll_llid_to_hci_llid_controller_to_host
                0x00003632                ll_get_llid_loaded_to_llh
                0x00003644                ll_conn_update_rssi
                0x0000364c                ll_process_rx_packet
                0x000037f6                ll_handle_incoming_packet
                0x0000388c                ll_count_access_code_transitions
                0x000038b8                ll_is_valid_access_address
                0x00003914                is_le_connection_handle
                0x00003938                le_get_connection_index
                0x0000393e                le_assign_connection_handle
                0x00003966                ll_decrement_rx_packet_count
                0x00003970                ll_handle_acl_tx_complete
                0x000039a4                ll_is_data_paused
                0x000039b0                ll_pause_data_tx_fifo_index
                0x000039c4                ll_resume_data_tx_fifo_index
                0x000039f4                ll_pause_data_transfer
                0x000039fc                ll_resume_data_transfer
                0x00003a04                ll_is_random_address_in_use_by_initiator
                0x00003a30                ll_is_white_list_in_use_by_initiator
                0x00003a60                ll_handle_connection_update_command_internal
                0x00003b84                ll_is_initiator_connecting_state
                0x00003bac                ll_handle_init_interrupt
                0x00003c68                ll_handle_create_connection_command
                0x00003dca                ll_conn_start_initiation
                0x00003de6                ll_handle_create_conn_cancel_command
                0x00003e2a                ll_init_initiator
                0x00003e4a                ll_handle_master_conn_created_ind
                0x00003ec0                ll_handle_read_remote_features_command
                0x00003f3c                ll_is_conn_update_channel_map_pending
                0x00003f4e                ll_conn_fsm_update_channel_map
                0x00003fb2                ll_handle_connection_update_command
                0x00003fbc                ll_program_connection_params
                0x000040ce                ll_derive_data_channel_map
                0x00004134                ll_handle_slave_conn_created_ind
                0x000041e8                ll_decode_and_program_connect_req
                0x000042d4                ll_calculate_drift
                0x000042fc                g_slave_clock_accuracy
                0x0000430c                ll_can_allow_incoming_connection_update
                0x0000434e                ll_init_link_for_encryption
                0x00004368                ll_enc_fsm_derive_session_key
                0x000043b0                ll_enc_handle_ll_terminate_pdu
                0x000043c6                ll_increment_tx_packet_counter
                0x000043de                ll_increment_rx_packet_counter
                0x000043f6                ll_encrypt_ll_pdu
                0x0000447e                ll_encrypt_packet
                0x00004518                ll_decrypt_ll_pdu
                0x0000459e                ll_decrypt_packet
                0x00004626                ll_enc_handle_enc_complete
                0x000046aa                ll_enc_handle_enc_failure
                0x00004776                ll_enc_handle_ll_unknown_resp_pdu_cb
                0x00004798                ll_enc_handle_ll_reject_pdu_cb
                0x000047bc                ll_process_start_enc
                0x000047fe                ll_handle_start_encrypt_cmd
                0x000048be                ll_enc_handle_master_await_to_start_cb
                0x0000491a                ll_enc_handle_master_enc_resp_cb
                0x00004930                ll_enc_handle_master_start_enc_req_cb
                0x00004964                ll_enc_handle_master_start_enc_resp_cb
                0x0000496c                ll_enc_handle_master_await_to_pause_cb
                0x000049a6                ll_enc_handle_master_pause_enc_resp_cb
                0x000049da                ll_enc_handle_master_pause_enc_resp_ack
                0x000049e4                ll_enc_handle_slave_await_to_start_cb
                0x00004a68                ll_enc_handle_slave_enc_resp_ack_cb
                0x00004a90                ll_enc_handle_slave_ltk_neg_reply_cb
                0x00004aea                ll_enc_handle_slave_reject_ind_ack_cb
                0x00004b0c                ll_enc_handle_slave_start_enc_resp_cb
                0x00004b40                ll_enc_handle_slave_start_enc_resp_ack_cb
                0x00004b48                ll_enc_handle_slave_pause_enc_req_cb
                0x00004b8e                ll_enc_handle_slave_pause_enc_resp_cb
                0x00004b9e                ll_send_ltk_req_event_to_host
                0x00004bba                ll_enc_send_start_encryption_request
                0x00004bf4                ll_handle_ltk_req_reply
                0x00004c4c                ll_handle_ltk_negative_reply
                0x00004c80                ll_update_md_bit
                0x00004cb0                ll_update_quick_transmit
                0x00004cee                ll_calculate_and_program_def_win_widen_drift
                0x00004d08                ll_is_pending_tx_packets
                0x00004d1a                ll_conn_handle_ready_ind
                0x00004d68                ll_conn_handle_ping_timer_nearly_expired_interrupt
                0x00004d78                ll_conn_handle_ping_timer_expired_interrupt
                0x00004d82                ll_conn_send_ping_req_pdu
                0x00004dbc                ll_conn_program_authenticated_payload_timer
                0x00004e1c                ll_handle_read_authenticated_payload_timeout_cmd
                0x00004e5c                ll_handle_write_authenticated_payload_timeout_cmd
                0x00004ec4                ll_conn_is_to_move_anchor_point
                0x00004fb0                ll_conn_perform_anchor_point_move
                0x00005014                ll_handle_remote_connection_parameter_request_reply_command
                0x0000507e                ll_handle_remote_connection_parameter_request_negative_reply_command
                0x000050bc                ll_derive_new_connection_param
                0x00005202                ll_is_dle_procedure_allowed
                0x00005238                ll_handle_set_data_length_command
                0x000052c2                ll_process_set_data_len_cmd
                0x000052f4                ll_handle_write_suggested_def_data_len_command
                0x0000530c                ll_get_dle_effective_max_tx_octets
                0x00005320                ll_conn_is_data_len_update_in_progress
                0x0000532c                ll_conn_is_data_len_update_pending
                0x00005350                ll_perform_feature_exchange
                0x0000541e                ll_conn_send_connection_update
                0x000054c0                ll_conn_send_conn_param_request
                0x00005510                ll_conn_send_conn_param_response
                0x0000555a                ll_generate_remote_conn_param_req_event
                0x0000557e                ll_clear_remote_conn_update_params
                0x0000558e                ll_clear_local_conn_update_params
                0x0000559a                ll_store_conn_update_cmd_params
                0x000055b4                ll_get_time_for_octets
                0x000055bc                ll_conn_dle_backup_effective_octets
                0x000055da                ll_derive_dle_params
                0x0000566c                ll_conn_send_length_req
                0x000056b0                ll_conn_send_length_rsp
                0x00005704                ll_load_default_dle_params
                0x0000574c                ll_get_enc_txn_info
                0x0000576c                ll_conn_free_enc_txn_buffer
                0x00005782                ll_process_pending_transactions
                0x000057a4                ll_conn_process_pending_transactions
                0x00005894                ll_process_len_req
                0x000058b6                ll_process_conn_update_cmd
                0x00005920                ll_process_conn_param_req
                0x0000598e                ll_is_encryption_in_progress
                0x000059a6                ll_is_conn_update_in_progress
                0x000059b2                ll_conn_is_channel_map_update_in_progress
                0x000059c2                ll_conn_is_read_remote_feature_in_progress
                0x000059d0                ll_is_conn_created
                0x000059de                ll_is_conn_considered_for_derive_params
                0x000059f0                ll_retrieve_conn_initiation_in_progress
                0x000059fa                ll_retrieve_connectable_adv_conneciton
                0x00005a04                ll_retrieve_conneciton_in_state
                0x00005a26                ll_conn_handle_direct_adv_timeout
                0x00005a56                ll_conn_handle_stop_connectable_adv
                0x00005a68                ll_conn_is_dedicated_fifo_free
                0x00005a7e                ll_get_next_available_fifo_for_data_pdu
                0x00005ad8                ll_get_next_available_fifo_for_ll_pdu
                0x00005afe                ll_conn_get_pdu_index
                0x00005b04                ll_is_tx_fifo_free
                0x00005b1e                ll_conn_var_get_active_map_index
                0x00005b26                ll_conn_var_set_active_map_index
                0x00005b36                ll_conn_var_get_role
                0x00005b3c                ll_conn_var_set_role
                0x00005b4a                ll_conn_fifo_get_tx_acl_data_octets
                0x00005b5c                ll_acl_queue_enqueue_tx_acl_pkt
                0x00005b96                ll_acl_queue_get_next_tx_acl_pkt
                0x00005c48                ll_acl_queue_process_ack_received
                0x00005cb8                ll_cleanup_pending_data_pdu
                0x00005ce6                ll_acl_queue_send_pending_tx_acl_pkts
                0x00005d40                ll_acl_queue_device_send_pending_tx_pkts
 .text          0x00005d78        0x4 D:\MCUXpressoIDE_workspace\frdmkw41z_wireless_examples_bluetooth_wireless_uart_freertos_05\libs\lib_ble_kw41z_controller.a(ll_isr.o)
                0x00005d78                PWRLib_ClearRSIMInt
 .text          0x00005d7c       0x26 D:\MCUXpressoIDE_workspace\frdmkw41z_wireless_examples_bluetooth_wireless_uart_freertos_05\libs\lib_ble_kw41z_controller.a(ll_isr.o)
                0x00005d7c                Controller_InterruptHandler
 *fill*         0x00005da2        0x2 
 .text          0x00005da4     0x137e D:\MCUXpressoIDE_workspace\frdmkw41z_wireless_examples_bluetooth_wireless_uart_freertos_05\libs\lib_ble_kw41z_controller.a(ll_pdu.o)
                0x00005da4                ll_conn_configure_auto_data_length_exchange
                0x00005dd8                ll_generate_le_rd_remote_used_feat_event
                0x00005dfe                ll_handle_conn_update_failure
                0x00005e30                ll_handle_failure_during_conn_update
                0x00005e42                ll_generate_update_complete_event
                0x00005e74                ll_conn_handle_reject_conn_param_update_pdus
                0x00005ebe                ll_conn_update_is_local_change
                0x00005f50                ll_program_channel_map_update
                0x00005fe8                ll_handle_ll_pdu_ack_received
                0x00006010                fp_ll_pdu_ack_handlers
                0x00006068                ll_send_pending_pdu
                0x000060d8                ll_process_ll_pdu
                0x000060f8                ll_handle_incoming_ll_pdu
                0x00006134                fp_ll_pdu_handlers
                0x0000618c                ll_send_terminate_pdu
                0x000061c4                ll_send_unknown_response_pdu
                0x000061d6                ll_send_conn_update_pdu
                0x00006256                ll_send_channel_update_pdu
                0x000062a8                ll_send_feature_request_pdu
                0x000062bc                ll_handle_conn_update_request_pdu_ack
                0x000062be                ll_handle_channel_update_request_pdu_ack
                0x000062c0                ll_handle_feature_request_pdu_ack
                0x000062c2                ll_handle_feature_response_pdu
                0x0000630c                ll_send_feature_response_pdu
                0x0000632a                ll_handle_conn_update_pdu
                0x000063ce                ll_handle_channel_update_pdu
                0x00006430                ll_handle_feature_request_pdu
                0x00006490                ll_handle_feature_response_pdu_ack
                0x00006492                ll_send_version_indication_pdu
                0x000064bc                ll_send_reject_indication_pdu
                0x00006504                ll_handle_terminate_pdu
                0x0000654e                ll_handle_dle_unknown_rsp_pdu
                0x00006578                ll_handle_length_req_pdu
                0x000065c8                ll_handle_length_rsp_pdu
                0x00006628                ll_handle_unknown_response_pdu
                0x0000669a                ll_handle_version_indication_pdu
                0x000067d4                ll_handle_reject_indication_pdu
                0x000067de                ll_allocate_send_unknown_rsp_pdu
                0x000067fe                ll_handle_unknown_pdu
                0x0000681c                ll_handle_terminate_request_pdu_ack
                0x0000683a                ll_handle_unknown_response_pdu_ack
                0x0000683c                ll_handle_version_indication_pdu_ack
                0x0000683e                ll_handle_reject_indication_pdu_ack
                0x00006846                ll_send_start_encryption_response_pdu
                0x00006850                ll_send_pause_encryption_response_pdu
                0x00006866                ll_handle_start_encryption_response_pdu
                0x00006882                ll_handle_pause_encryption_response_pdu
                0x000068a4                ll_handle_start_encryption_response_pdu_ack
                0x000068c4                ll_handle_pause_encryption_response_pdu_ack
                0x000068ea                ll_send_encryption_request_pdu
                0x00006930                ll_handle_encryption_response_pdu
                0x00006968                ll_handle_start_encryption_request_pdu
                0x0000697a                ll_send_pause_encryption_request_pdu
                0x00006984                ll_handle_encryption_request_pdu_ack
                0x00006986                ll_handle_pause_encryption_request_pdu_ack
                0x0000699a                ll_send_encryption_response_pdu
                0x000069c4                ll_send_start_encryption_request_pdu
                0x000069ce                ll_handle_encryption_request_pdu
                0x00006a84                ll_handle_pause_encryption_request_pdu
                0x00006a9a                ll_handle_encryption_response_pdu_ack
                0x00006aa2                ll_handle_start_encryption_request_pdu_ack
                0x00006aaa                ll_send_ping_req_pdu
                0x00006ab4                ll_send_ping_rsp_pdu
                0x00006acc                ll_handle_ping_req_pdu
                0x00006b06                ll_handle_ping_rsp_pdu
                0x00006b10                ll_get_conn_update_txn_info
                0x00006b40                ll_fill_connection_param_req_rsp_pdu
                0x00006bb8                ll_send_connection_param_req_pdu
                0x00006bcc                ll_validate_conn_param_req_rsp_pdu
                0x00006c14                ll_extract_conn_param_req_rsp_pdu
                0x00006ca0                ll_handle_connection_param_req_pdu
                0x00006d5e                ll_send_connection_param_rsp_pdu
                0x00006d72                ll_handle_connection_param_rsp_pdu
                0x00006de6                ll_send_slave_feature_req_pdu
                0x00006e1a                ll_handle_slave_feature_req_pdu
                0x00006ec4                ll_allocate_send_reject_ind_ext_pdu
                0x00006eee                ll_send_reject_ind_ext_pdu
                0x00006f08                ll_handle_reject_ind_ext_pdu
                0x00006f9c                ll_handle_reject_ind_ext_pdu_ack
                0x00006fa4                ll_send_length_req_pdu
                0x00006fae                ll_extract_len_req_rsp_pdu
                0x00006fd8                ll_send_length_rsp_pdu
                0x00007024                ll_handle_length_rsp_pdu_ack
                0x0000704c                ll_conn_enqueue_pending_pdu
                0x00007080                ll_conn_dequeue_pending_pdu
                0x000070bc                ll_conn_is_available_pending_pdu
                0x000070cc                ll_conn_init_pending_pdu
                0x000070d8                ll_generate_data_len_change_event
 *fill*         0x00007122        0x2 
 .text          0x00007124      0xa94 D:\MCUXpressoIDE_workspace\frdmkw41z_wireless_examples_bluetooth_wireless_uart_freertos_05\libs\lib_ble_kw41z_controller.a(ll_policies.o)
                0x00007124                ll_derive_params
                0x0000712c                ll_derive_adv_interval
                0x00007134                ll_derive_ce_length_for_slave
                0x00007158                ll_derive_instant_for_create_conn
                0x0000719e                ll_find_first_instant_for_create_conn
                0x00007268                ll_derive_connection_interval_range
                0x000072be                ll_derive_connection_interval
                0x000072d2                ll_derive_ce_length_for_master
                0x00007314                ll_derive_num_slots_for_octets
                0x00007336                ll_derive_latency
                0x00007338                ll_derive_sutimeout
                0x0000733a                ll_derive_reference_conn_event_count
                0x00007354                ll_is_acceptable_offset
                0x000073e4                ll_conn_derive_other_connection_intervals
                0x00007430                ll_get_next_conn_instants_from_req_clk
                0x00007522                ll_get_local_remote_req_clk
                0x00007584                ll_get_offsets_local_and_host_rcec_present
                0x00007638                ll_get_offsets_only_remote_rcec_present
                0x000077d0                ll_get_offsets_remote_absent_or_not_acceptable
                0x00007960                ll_derive_offsets
                0x00007a9a                ll_derive_offset0
                0x00007b04                ll_derive_preferred_periodicity
                0x00007b34                ll_derive_update_instant
 .text          0x00007bb8      0x39e D:\MCUXpressoIDE_workspace\frdmkw41z_wireless_examples_bluetooth_wireless_uart_freertos_05\libs\lib_ble_kw41z_controller.a(ll_scanner.o)
                0x00007bb8                ll_handle_scan_interrupt
                0x00007c26                ll_init_scanner
                0x00007c5e                ll_handle_set_scan_parameters
                0x00007cca                ll_handle_set_scan_enable
                0x00007d0e                ll_scan_skip_adv_pkt
                0x00007d44                ll_get_le_adv_pkt
                0x00007f14                ll_is_whitelist_in_use_by_scanner
                0x00007f26                ll_is_resolving_list_in_use_by_scanner
                0x00007f38                ll_is_random_address_in_use_by_scanner
                0x00007f4a                ll_get_scan_status
 *fill*         0x00007f56        0x2 
 .text          0x00007f58      0x350 D:\MCUXpressoIDE_workspace\frdmkw41z_wireless_examples_bluetooth_wireless_uart_freertos_05\libs\lib_ble_kw41z_controller.a(ll_tasks.o)
                0x00007f58                llh_isr_handler
                0x00008198                ll_task_handler
                0x00008230                ll_decode_interrupt_type
 .text          0x000082a8      0x596 D:\MCUXpressoIDE_workspace\frdmkw41z_wireless_examples_bluetooth_wireless_uart_freertos_05\libs\lib_ble_kw41z_controller.a(ll_utils.o)
                0x000082a8                ll_is_random_address_in_use
                0x000082ca                ll_is_address_translation_enabled
                0x000082da                ll_is_resolving_list_in_use
                0x000082f0                ll_is_white_list_in_use
                0x00008312                ll_get_event_param_buffer
                0x00008316                ll_init_lfsr
                0x0000834c                pf_get_lfsr_random_number
                0x00008380                ll_get_crc_init
                0x0000838c                ll_get_access_address
                0x000083a0                ll_get_local_sca
                0x000083a8                ll_get_hop_increment
                0x000083cc                ll_get_nearest_instant
                0x000083ec                ll_pack_ccm_nonce
                0x00008422                ll_unpack_ccm_nonce
                0x0000846a                ll_encrypt
                0x00008492                ll_ccm_load_inputs
                0x000084e2                ll_encryption_aes_ccm_mode
                0x0000851e                ll_decryption_aes_ccm_mode
                0x0000855a                le_write_conn_index
                0x00008566                le_conn_read_register
                0x00008578                le_conn_write_register
                0x0000858e                ll_is_operation_allowed
                0x00008592                ll_util_get_best_range
                0x000085fc                ll_util_get_least_ci_multiple
                0x00008694                bt_le_sort_ascending_order
                0x000086e0                bt_le_is_contain_multiples
                0x0000870e                bt_le_find_abs_distance
                0x0000871a                bt_le_get_lcm
                0x00008748                bt_le_get_lcm_of_n_numbers
                0x0000876c                bt_le_get_min_value
                0x00008798                bt_le_get_min_value_32bit
                0x000087c4                ll_get_pref_periodicity
                0x00008826                ll_get_max_val
                0x00008832                ll_get_min_val
 *fill*         0x0000883e        0x2 
 .text          0x00008840       0x64 D:\MCUXpressoIDE_workspace\frdmkw41z_wireless_examples_bluetooth_wireless_uart_freertos_05\libs\lib_ble_kw41z_controller.a(llf_task.o)
                0x00008840                Controller_TaskHandler
 .text          0x000088a4     0x1554 D:\MCUXpressoIDE_workspace\frdmkw41z_wireless_examples_bluetooth_wireless_uart_freertos_05\libs\lib_ble_kw41z_controller.a(llh_api.o)
                0x000088a4                ll_enable_interrupt_type
                0x000088aa                ll_enable_interrupt
                0x000088e8                ll_disable_interrupt_type
                0x000088fa                ll_disable_interrupt
                0x0000892c                ll_clear_interrupt_type
                0x00008934                ll_clear_interrupt
                0x0000896e                llh_perform_llh_soft_reset
                0x00008a34                llh_reset
                0x00008bf0                llh_restore
                0x00008c0e                llh_set_adv_parameters
                0x00008c4c                llh_set_adv_data
                0x00008c68                llh_set_scan_resp_data
                0x00008c84                llh_set_advertise_enable
                0x00008cd8                llh_set_advertise_disable
                0x00008cf0                llh_read_adv_ind_report_header
                0x00008cf4                llh_get_adv_scan_resp_data
                0x00008d04                llh_read_rssi_from_scan_fifo
                0x00008d0e                llh_read_index_from_scan_fifo
                0x00008d12                llh_cleanup_adv_scan_resp_data
                0x00008d24                llh_set_scan_parameters
                0x00008d66                llh_set_scan_enable
                0x00008dd4                llh_set_scan_disable
                0x00008e4c                llh_program_init_params
                0x00008f00                llh_set_conn_update_parameters
                0x00008f48                llh_set_ce_length
                0x00008f54                llh_set_su_to
                0x00008f60                llh_set_conn_window_parameters
                0x00008f74                llh_conn_read_rssi
                0x00008f80                llh_update_slave_latency
                0x00008f8c                llh_config_conn_as_master
                0x00008f92                llh_config_conn_as_slave
                0x00008fa0                llh_create_connection
                0x00008ffc                llh_create_connection_cancel
                0x0000900e                llh_terminate_connection
                0x00009016                llh_terminate_connection_after_tx
                0x00009026                llh_mark_packet_for_transmission
                0x0000904c                llh_update_data_descriptor
                0x0000906e                llh_load_data_to_connection_fifo
                0x000090ac                llh_get_tx_fifo_address
                0x000090c8                llh_get_rx_fifo_address
                0x000090ce                llh_clear_ack
                0x000090da                llh_clear_sent_status
                0x000090e6                llh_clear_pkt
                0x000090fa                llh_calculate_instant
                0x00009100                llh_get_distance_to_instant
                0x0000910a                llh_get_abs_distance_to_instant
                0x00009120                llh_get_distance_to_instant_with_max_limit
                0x00009134                llh_is_instant_passed
                0x00009168                llh_is_conn_instant_passed
                0x0000917a                llh_derive_instant
                0x00009188                llh_get_current_ce_count
                0x00009192                llh_update_channel_map
                0x000091c6                llh_program_channel_map_instant
                0x000091d8                llh_load_channel_map
                0x00009220                llh_read_channel_map
                0x00009256                llh_program_connection_update_instant
                0x00009274                llh_initialize_tx_fifo_index
                0x00009280                llh_handle_master_conn_created_ind
                0x00009282                llh_handle_slave_conn_created_ind
                0x00009290                llh_program_window_widen_interval
                0x000092c8                llh_program_window_widen_winoffset
                0x000092de                llh_decrement_rx_packet_count
                0x000092e6                llh_update_md_bit
                0x000092fe                llh_ccm_load_pkt_counter
                0x00009324                llh_ccm_load_initialization_vector
                0x0000936c                llh_ccm_config_mic_params
                0x0000937e                llh_load_encryption_key
                0x00009390                llh_load_encryption_engine_input
                0x000093b0                llh_read_encryption_engine_output
                0x000093d0                llh_process_encryption_engine_cmd
                0x00009426                llh_load_mic_input
                0x0000944a                llh_read_mic_output
                0x00009472                llh_reset_whitelist
                0x00009488                llh_add_device_in_whitelist
                0x000094e6                llh_remove_device_from_white_list
                0x000094f8                llh_search_whitelist_for_dup_entry
                0x000095b0                llh_search_whitelist_for_free_index
                0x000095fc                llh_set_peer_address
                0x00009646                llh_set_random_address
                0x00009676                llh_get_random_address
                0x000096a0                llh_set_device_address
                0x000096d0                llh_get_peer_address
                0x00009716                llh_get_peer_address_type
                0x0000973c                llh_config_rpa_timer
                0x0000974a                llh_get_resolve_list_validity_reg_value
                0x00009758                llh_modify_rpa_seed_value
                0x0000979e                llh_generate_rpa
                0x000097a4                llh_set_address_resolution_enable
                0x000097ee                llh_set_resolvable_private_address_timeout
                0x00009814                llh_get_rpa_address
                0x0000984c                llh_write_to_list
                0x00009880                llh_read_from_list
                0x000098b0                llh_add_device_in_resolving_list
                0x00009908                llh_remove_device_from_resolving_list
                0x0000991a                llh_update_reg_field
                0x00009940                llh_clear_device_from_resolving_list
                0x00009950                llh_program_dtm_tx_test
                0x000099b6                llh_program_dtm_rx_test
                0x00009a0a                llh_stop_dtm
                0x00009a5c                llh_program_conn_request
                0x00009a6e                llh_enter_critical_section
                0x00009a7c                llh_exit_critical_section
                0x00009a88                llh_clear_fifo_descriptor
                0x00009a9a                llh_enc_clk_off
                0x00009aa2                llh_enc_clk_on
                0x00009aa4                llh_set_clock_config_wakeup
                0x00009acc                llh_enter_power_save_mode
                0x00009b14                llh_exit_power_save_mode
                0x00009b2c                llh_enter_sm
                0x00009b34                llh_exit_sm
                0x00009b3c                llh_enter_dsm
                0x00009b4c                llh_enter_auto_dsm
                0x00009ba6                llh_config_wakeup_instant
                0x00009bb0                llh_is_llh_inactive
                0x00009bbe                llh_exit_dsm
                0x00009bc0                llh_clear_exit_sm
                0x00009bc2                llh_get_current_instant_clk
                0x00009bca                llh_get_next_adv_instant
                0x00009bd2                llh_get_next_scan_instant
                0x00009bda                llh_get_next_init_instant
                0x00009be2                llh_get_next_connection_instant
                0x00009bec                llh_start_pdu_rsp_timer
                0x00009c0a                llh_stop_pdu_rsp_timer
                0x00009c14                llh_get_lmp_pdu_rsp_instant
                0x00009c1e                llh_get_supervision_timer_instant
                0x00009c28                llh_get_conn_params
                0x00009c60                llh_set_llh_quick_tx_feature_config
                0x00009c8a                llh_set_sl_connection_interval
                0x00009c9c                llh_get_conn_interval
                0x00009ca6                llh_get_conn_slave_latency
                0x00009cb0                llh_conn_set_suto_ci_ratio
                0x00009cbe                llh_set_adv_connection_index
                0x00009cde                llh_get_adv_connection_index
                0x00009cf0                llh_enable_authenticated_timer
                0x00009d22                llh_program_authenticated_timer
                0x00009d52                llh_is_ping_timer_next_exp_valid
                0x00009d56                llh_get_ping_timer_next_exp
                0x00009d64                llh_set_llh_device_register_bits
                0x00009d8a                llh_retention_restore
                0x00009d8c                llh_retention_store
                0x00009d8e                llh_enable_idle_interrupt
                0x00009d90                llh_get_max_rx_octets_supported
                0x00009d94                llh_get_max_tx_octets_supported
                0x00009d98                le_read_conn_fifo
 .text          0x00009df8       0x8e D:\MCUXpressoIDE_workspace\frdmkw41z_wireless_examples_bluetooth_wireless_uart_freertos_05\libs\lib_ble_kw41z_controller.a(llh_utils.o)
                0x00009df8                llh_get_ack_status
                0x00009e02                llh_get_tx_sent_status
                0x00009e0c                llh_get_data_descriptor_address
                0x00009e14                le_conn_write_register_field
                0x00009e2e                le_write_register_field
                0x00009e5a                le_conn_set_register_bit
                0x00009e70                le_set_register_bit
 .text          0x00009e86        0x2 D:\MCUXpressoIDE_workspace\frdmkw41z_wireless_examples_bluetooth_wireless_uart_freertos_05\libs\lib_ble_kw41z_controller.a(platform_abs.o)
                0x00009e86                pf_init_abs_layer
 .text          0x00009e88      0x1b4 D:\MCUXpressoIDE_workspace\frdmkw41z_wireless_examples_bluetooth_wireless_uart_freertos_05\libs\lib_ble_kw41z_controller.a(platform_board_init.o)
                0x00009e88                pfd_init
                0x00009f3e                pfd_set_rf_power_level
                0x00009f8c                pfd_delay
                0x00009fae                pfd_get_initial_rng_seed
                0x00009fb2                pfd_get_rng_seed
                0x00009fba                pfd_set_random_address_notification
                0x00009fbc                pfd_llh_reset
                0x00009fc8                pfd_llh_store_lp_mode
                0x00009fe0                pfd_llh_restore_lp_mode
                0x0000a030                pfd_enter_dsm
                0x0000a032                pfd_exit_dsm
                0x0000a034                pfd_clear_exit_dsm
                0x0000a036                pfd_cpu_enter_ps_mode
                0x0000a038                PWR_GetDeepSleepMode
 .text          0x0000a03c        0x4 D:\MCUXpressoIDE_workspace\frdmkw41z_wireless_examples_bluetooth_wireless_uart_freertos_05\libs\lib_ble_kw41z_controller.a(platform_board_init.o)
                0x0000a03c                PWR_ChangeDeepSleepMode
 .text          0x0000a040       0xf4 D:\MCUXpressoIDE_workspace\frdmkw41z_wireless_examples_bluetooth_wireless_uart_freertos_05\libs\lib_ble_kw41z_controller.a(platform_llh_interface.o)
                0x0000a040                pfd_read_llh_register
                0x0000a048                pfd_write_llh_register
                0x0000a050                pfd_read_llh_fifo
                0x0000a07e                pfd_write_llh_fifo
                0x0000a0b8                pfd_read_llh_memory
                0x0000a0f8                pfd_write_llh_memory
 .text          0x0000a134      0x218 D:\MCUXpressoIDE_workspace\frdmkw41z_wireless_examples_bluetooth_wireless_uart_freertos_05\libs\lib_ble_kw41z_controller.a(platform_power_save.o)
                0x0000a134                pf_retention_store
                0x0000a13c                pfd_get_local_sca
                0x0000a146                pfd_isr_exit_power_save_mode
                0x0000a152                pf_handle_power_save_exit
                0x0000a178                pfd_exit_power_save_mode
                0x0000a1bc                pfd_get_active_power_status
                0x0000a1e2                pf_set_device_active_status
                0x0000a1e8                pf_set_device_shutdown_status
                0x0000a1ee                pfd_get_max_sleep_duration
                0x0000a1f2                pfd_enter_auto_dsm
                0x0000a20c                pfd_enter_power_save_mode
                0x0000a2f2                pf_power_mgr_init
                0x0000a304                pf_idle_hook
                0x0000a31a                pf_is_restore_on
                0x0000a32a                pf_retention_get_status
                0x0000a330                pf_retention_set_status
 .text          0x0000a34c      0x2cc D:\MCUXpressoIDE_workspace\frdmkw41z_wireless_examples_bluetooth_wireless_uart_freertos_05\libs\lib_ble_kw41z_controller.a(platform_rf_driver.o)
                0x0000a34c                pfd_rf_gen_interface
                0x0000a3b4                pfd_rf_write_reg
                0x0000a3ee                pfd_rf_read_reg
                0x0000a45e                pfd_rf_init
                0x0000a496                pfd_rf_reset
                0x0000a4c8                pfd_rf_get_rssi
                0x0000a4ca                pfd_rf_get_abs_rssi_in_dbm
                0x0000a4d0                pfd_rf_get_tx_power_in_dbm
                0x0000a4e0                pfd_rf_get_tx_power
                0x0000a4ec                pfd_rf_read_rssi_val
                0x0000a518                rf_param_hardcoded
 .text          0x0000a618      0x5b0 D:\MCUXpressoIDE_workspace\frdmkw41z_wireless_examples_bluetooth_wireless_uart_freertos_05\libs\lib_ble_kw41z_controller.a(platform_vendor_cmds.o)
                0x0000a618                pfd_convert_vendor_command_params
                0x0000a686                pfd_handle_vendor_commands
                0x0000a72a                handle_hci_vendor_shutdown_cmd
                0x0000a72e                handle_hci_vendor_sleep_cmd
                0x0000a73e                handle_hci_vendor_wakeup_cmd
                0x0000a742                handle_hci_vendor_read_platform_reg
                0x0000a79e                handle_hci_vendor_write_platform_reg
                0x0000a7aa                handle_hci_vendor_write_config_complete
                0x0000a7ae                lec_hci_convert_read_pf_reg_command
                0x0000a7cc                lec_hci_convert_write_pf_reg_command
                0x0000a806                lec_hci_convert_config_write_complete_command
                0x0000a80c                pf_read_platform_reg
                0x0000a814                pf_write_platform_reg
                0x0000a822                pf_handle_write_config_complete_ind
                0x0000a826                pfd_shutdown
                0x0000a828                pfd_sleep
                0x0000a82a                pfd_wakeup
                0x0000a82c                lec_hci_convert_set_bd_addr_cmd
                0x0000a83a                lec_hci_handle_set_bd_addr_cmd
                0x0000a852                lec_hci_convert_vendor_start_dtm_tx_cmd
                0x0000a86c                lec_hci_convert_vendor_start_dtm_rx_cmd
                0x0000a872                lec_hci_convert_vendor_config_tx_power_cmd
                0x0000a87c                lec_hci_handle_vendor_start_dtm_tx_cmd
                0x0000a8d4                lec_hci_handle_vendor_start_dtm_rx_cmd
                0x0000a8f8                lec_hci_handle_vendor_test_end_cmd
                0x0000a93a                hci_le_generate_vendor_test_end_cmd_complete_event
                0x0000a984                lec_hci_handle_vendor_config_tx_power_cmd
                0x0000a9a8                lec_hci_convert_write_conn_reg_command
                0x0000a9ce                lec_hci_convert_read_conn_reg_command
                0x0000a9e8                lec_hci_convert_set_local_sca_command
                0x0000a9fa                lec_hci_handle_read_conn_reg_command
                0x0000aa5a                lec_hci_handle_read_conn_reg_vendor_command
                0x0000aa6a                lec_hci_handle_write_conn_reg_vendor_command
                0x0000aa8a                pfd_set_local_sca
                0x0000aaa4                lec_hci_handle_set_local_sca_command
                0x0000aafc                lec_hci_vendor_read_private_key
                0x0000ab42                lec_hci_le_convert_set_local_supported_feature_command
                0x0000ab4e                lec_hci_handle_set_local_supported_feature_command
                0x0000ab5c                pfd_set_num_tx_fifo_pkt_for_ext_use
                0x0000ab7c                pfd_activate_mws_modes_interrupts
 .text          0x0000abc8      0x122 D:\MCUXpressoIDE_workspace\frdmkw41z_wireless_examples_bluetooth_wireless_uart_freertos_05\libs\lib_ble_kw41z_controller.a(bt_fw_os_al.o)
                0x0000abc8                le_allocate_event_buffer
                0x0000abe4                le_free_event_buffer
                0x0000abe8                le_allocate_command_buffer
                0x0000ac08                le_free_command_buffer
                0x0000ac16                le_allocate_tx_data_buffer
                0x0000ac40                le_free_tx_data_buffer
                0x0000ac46                le_allocate_rx_data_buffer
                0x0000ac6a                le_free_rx_data_buffer
                0x0000ac6e                le_allocate_tx_pdu_buffer
                0x0000ac8a                le_free_tx_pdu_buffer
                0x0000ac8e                le_allocate_rx_pdu_buffer
                0x0000acaa                le_free_rx_pdu_buffer
                0x0000acae                le_allocate_txn_buffer
                0x0000acca                le_free_txn_buffer
                0x0000acce                convert_to_lsb
 *fill*         0x0000acea        0x2 
 .text          0x0000acec      0x1fa D:\MCUXpressoIDE_workspace\frdmkw41z_wireless_examples_bluetooth_wireless_uart_freertos_05\libs\lib_ble_kw41z_controller.a(lec_hci_le.o)
                0x0000acec                lec_hci_handle_command_pkts
                0x0000ada4                lec_hci_handle_commands
                0x0000ae3c                lec_get_expected_cmd_param_length
                0x0000ae5a                hci_le_generate_command_complete_event
                0x0000ae78                ll_hci_get_num_commands_pkts
                0x0000ae8c                hci_le_generate_hw_error_event
                0x0000aec2                hci_le_generate_event
 *fill*         0x0000aee6        0x2 
 .text          0x0000aee8      0x590 D:\MCUXpressoIDE_workspace\frdmkw41z_wireless_examples_bluetooth_wireless_uart_freertos_05\libs\lib_ble_kw41z_controller.a(lec_hci_le_commands.o)
                0x0000aee8                lec_hci_convert_le_command_params
                0x0000af04                fp_lec_convert_cmd_param_handlers
                0x0000afc0                lec_hci_handle_le_command
                0x0000aff8                fp_lec_validate_cmd_param_handlers
                0x0000b0b4                fp_lec_cmd_handlers
                0x0000b170                lec_get_expected_le_cmd_param_length
                0x0000b18a                hci_le_generate_command_status_event
                0x0000b1be                lec_generate_le_command_complete_event
                0x0000b360                hci_le_generate_read_rpa_event
                0x0000b3b2                lec_hci_fill_command_complete_header
                0x0000b3ce                lec_hci_generate_read_local_p256_public_key_complete_event
                0x0000b40a                lec_hci_generate_dhkey_complete_event
                0x0000b448                le_command_param_len
 .text          0x0000b478      0x2d0 D:\MCUXpressoIDE_workspace\frdmkw41z_wireless_examples_bluetooth_wireless_uart_freertos_05\libs\lib_ble_kw41z_controller.a(lec_hci_le_common_commands.o)
                0x0000b478                lec_hci_handle_set_event_mask_command
                0x0000b48a                lec_hci_handle_set_random_address_command
                0x0000b492                lec_hci_handle_read_white_list_size_command
                0x0000b496                lec_hci_handle_clear_white_list_command
                0x0000b49e                lec_hci_handle_add_to_white_list_command
                0x0000b4a6                lec_hci_handle_rem_dev_from_white_list_command
                0x0000b4ae                lec_hci_handle_read_channel_map_command
                0x0000b4b6                lec_hci_handle_le_default_command
                0x0000b4ba                lec_hci_handle_le_unknown_hci_command
                0x0000b4be                lec_hci_handle_start_receiver_test_command
                0x0000b4c6                lec_hci_handle_start_transmitter_test_command
                0x0000b4ce                lec_hci_handle_test_end_command
                0x0000b4d6                lec_send_signal_to_task
                0x0000b52c                lec_is_hci_ecdh_command_in_progress
                0x0000b53c                lec_hci_process_read_local_p256_key_proc_signal
                0x0000b56e                lec_hci_handle_le_read_local_p256_public_key_command
                0x0000b594                lec_hci_process_generate_dhkey_proc_signal
                0x0000b5ca                lec_hci_handle_le_generate_dh_key_command
                0x0000b5fe                hci_le_generate_test_end_cmd_complete_event
                0x0000b638                hci_le_get_supported_commands
                0x0000b6e8                lec_hci_handle_read_peer_resolvable_private_address_command
                0x0000b6f2                lec_hci_handle_read_local_resolvable_private_address_command
                0x0000b6fc                lec_hci_handle_set_address_resolution_enable_command
                0x0000b704                lec_hci_handle_set_resolvable_private_address_timeout_command
                0x0000b70c                lec_hci_handle_add_to_resolving_list_command
                0x0000b714                lec_hci_handle_rem_dev_from_resolving_list_command
                0x0000b71c                lec_hci_handle_clear_resolving_list_command
                0x0000b724                lec_hci_handle_read_resolving_list_size_command
                0x0000b728                Cu8_hci_le_supported_commands_array
 .text          0x0000b748      0x50c D:\MCUXpressoIDE_workspace\frdmkw41z_wireless_examples_bluetooth_wireless_uart_freertos_05\libs\lib_ble_kw41z_controller.a(lec_hci_le_conn_commands.o)
                0x0000b748                lec_hci_handle_create_connection_command
                0x0000b750                lec_hci_handle_create_conn_cancel_command
                0x0000b758                lec_hci_handle_connection_update_command
                0x0000b760                lec_hci_handle_read_remote_features_command
                0x0000b768                lec_hci_handle_set_host_ch_classification_command
                0x0000b770                lec_hci_handle_remote_connection_parameter_request_reply_command
                0x0000b778                lec_hci_handle_remote_connection_parameter_request_negative_reply_command
                0x0000b780                lec_hci_handle_set_data_length_command
                0x0000b788                lec_hci_handle_write_suggested_def_data_len_command
                0x0000b790                lec_hci_handle_read_maximum_data_length_command
                0x0000b798                hci_generate_le_rd_remote_used_feat_event
                0x0000b7ee                hci_generate_le_connection_complete_event
                0x0000b8ae                hci_generate_le_conn_update_complete_event
                0x0000b906                hci_generate_le_no_of_completed_events
                0x0000b93a                hci_generate_le_remote_version_information_complete_event
                0x0000b984                hci_le_generate_disconnection_complete_event
                0x0000b9a8                lec_hci_handle_start_encryption_command
                0x0000b9b4                hci_generate_le_long_term_key_req_event
                0x0000ba00                lec_hci_handle_longterm_key_req_reply_command
                0x0000ba08                lec_hci_handle_longterm_key_req_neg_reply_command
                0x0000ba10                hci_generate_le_encryption_change_event
                0x0000ba4a                hci_generate_le_encryption_key_refresh_event
                0x0000ba78                hci_le_generate_read_authenticated_payload_timeout_cmd_complete_event
                0x0000bac0                hci_le_generate_write_authenticated_payload_timeout_cmd_complete_event
                0x0000bb04                hci_le_generate_authenticated_payload_timeout_expired_event
                0x0000bb36                hci_le_generate_remote_connection_parameter_request_event
                0x0000bb94                hci_generate_le_data_len_change_event
                0x0000bbf4                hci_le_generate_read_maximum_data_length_event
 .text          0x0000bc54       0x4c D:\MCUXpressoIDE_workspace\frdmkw41z_wireless_examples_bluetooth_wireless_uart_freertos_05\libs\lib_ble_kw41z_controller.a(lec_hci_le_encryption_commands.o)
                0x0000bc54                lec_hci_handle_encrypt_command
                0x0000bc5c                hci_le_generate_encrypt_cmd_complete_event
 .text          0x0000bca0       0x1e D:\MCUXpressoIDE_workspace\frdmkw41z_wireless_examples_bluetooth_wireless_uart_freertos_05\libs\lib_ble_kw41z_controller.a(lec_hci_le_scan_commands.o)
                0x0000bca0                lec_hci_handle_set_scan_param_command
                0x0000bca8                lec_hci_handle_scan_enable_command
                0x0000bcb0                hci_generate_le_advertising_report_event
 *fill*         0x0000bcbe        0x2 
 .text          0x0000bcc0      0x194 D:\MCUXpressoIDE_workspace\frdmkw41z_wireless_examples_bluetooth_wireless_uart_freertos_05\libs\lib_ble_kw41z_controller.a(lec_hci_le_vendor_commands.o)
                0x0000bcc0                lec_generate_vendor_command_complete_event
                0x0000bcc8                lec_get_expected_vendor_cmd_param_length
                0x0000bce4                lec_hci_convert_vendor_command_params
                0x0000bd18                lec_hci_handle_vendor_command
                0x0000bd58                lec_hci_handle_write_bb_reg_vendor_command
                0x0000bd70                lec_hci_handle_read_bb_reg_command
                0x0000bdc4                lec_hci_handle_read_bb_reg_vendor_command
                0x0000bdd2                lec_hci_handle_write_rf_reg_vendor_command
                0x0000bdea                lec_hci_handle_read_rf_reg_vendor_command
 .text          0x0000be54      0x340 D:\MCUXpressoIDE_workspace\frdmkw41z_wireless_examples_bluetooth_wireless_uart_freertos_05\libs\lib_ble_kw41z_controller.a(lec_hci_param_converter.o)
                0x0000be54                lec_hci_convert_set_event_mask_command
                0x0000be64                lec_hci_convert_default_command
                0x0000be66                lec_hci_convert_set_rand_address_command
                0x0000be72                lec_hci_convert_set_adv_param_command
                0x0000beb0                lec_hci_convert_set_adv_data_command
                0x0000bec0                lec_hci_convert_set_scan_response_command
                0x0000bed0                lec_hci_convert_set_adv_enable_command
                0x0000bed6                lec_hci_convert_set_scan_param_command
                0x0000befc                lec_hci_convert_set_scan_enable_command
                0x0000bf06                lec_hci_convert_add_dev_whitelist_command
                0x0000bf0a                lec_hci_convert_remove_dev_whitelist_command
                0x0000bf1e                lec_hci_convert_set_host_chn_classsification_command
                0x0000bf2a                lec_hci_convert_read_chn_map_command
                0x0000bf2c                lec_hci_convert_encrypt_command
                0x0000bf4c                lec_hci_convert_receiver_test_command
                0x0000bf52                lec_hci_convert_transmitter_test_command
                0x0000bf5c                lec_hci_convert_br_edr_set_event_mask_command
                0x0000bf68                lec_hci_convert_create_connection_command
                0x0000bfe6                lec_hci_convert_connection_update_command
                0x0000bfe8                lec_hci_convert_read_remote_used_feat_command
                0x0000bff8                lec_hci_convert_start_encryption_command
                0x0000c030                lec_hci_convert_long_term_key_req_reply_command
                0x0000c048                lec_hci_convert_long_term_key_req_neg_reply_command
                0x0000c04a                lec_hci_convert_read_authenticated_payload_timeout_command
                0x0000c04c                lec_hci_convert_write_authenticated_payload_timeout_command
                0x0000c04e                lec_hci_convert_disconnect_command
                0x0000c050                lec_hci_convert_remote_version_info_command
                0x0000c052                lec_hci_convert_remote_connection_parameter_request_reply_command
                0x0000c0aa                lec_hci_convert_remote_connection_parameter_request_negative_reply_command
                0x0000c0be                lec_hci_convert_set_data_length_command
                0x0000c0e4                lec_hci_convert_write_suggested_def_data_len_command
                0x0000c100                lec_hci_convert_le_generate_dh_key_command
                0x0000c120                lec_hci_convert_read_transmit_power_level_command
                0x0000c122                lec_hci_convert_read_rssi_command
                0x0000c124                lec_hci_convert_write_bb_reg_command
                0x0000c126                lec_hci_convert_read_bb_reg_command
                0x0000c128                lec_hci_convert_read_rf_reg_command
                0x0000c12e                lec_hci_convert_write_rf_reg_command
                0x0000c150                lec_hci_convert_read_peer_resolvable_address_command
                0x0000c154                lec_hci_convert_read_local_resolvable_address_command
                0x0000c158                lec_hci_convert_set_address_resolution_enable_command
                0x0000c15e                lec_hci_convert_resolvable_private_address_timeout_command
                0x0000c160                lec_hci_convert_add_dev_resolving_list_command
                0x0000c190                lec_hci_convert_remove_dev_from_resolving_list_command
 .text          0x0000c194      0x468 D:\MCUXpressoIDE_workspace\frdmkw41z_wireless_examples_bluetooth_wireless_uart_freertos_05\libs\lib_ble_kw41z_controller.a(lec_hci_param_validation.o)
                0x0000c194                hci_validate_le_set_event_mask_command
                0x0000c1b0                hci_validate_le_default_command
                0x0000c1b4                hci_validate_le_set_adv_params_command
                0x0000c210                hci_validate_le_set_adv_scan_resp_data_command
                0x0000c21e                hci_validate_le_set_adv_enable
                0x0000c22c                hci_validate_le_set_scan_params_command
                0x0000c25c                hci_validate_le_set_scan_enable
                0x0000c26e                hci_validate_le_set_random_address_command
                0x0000c272                hci_validate_disconnection_command
                0x0000c2a0                hci_validate_le_create_connection_command
                0x0000c31a                hci_validate_le_create_connection_cancel_command
                0x0000c31e                hci_validate_le_read_remote_feat_command
                0x0000c336                hci_validate_le_connection_update_command
                0x0000c398                hci_validate_le_start_encryption_command
                0x0000c3b0                hci_validate_le_longterm_key_req_reply_command
                0x0000c3c4                hci_validate_le_longterm_key_req_neg_reply_command
                0x0000c3d8                hci_validate_read_authenticated_payload_timeout_command
                0x0000c3ec                hci_validate_write_authenticated_payload_timeout_command
                0x0000c40c                hci_validate_remote_connection_parameter_request_reply_command
                0x0000c46c                hci_validate_remote_connection_parameter_request_negative_reply_command
                0x0000c48c                hci_validate_le_set_data_length_command
                0x0000c4ba                hci_validate_le_write_suggested_def_data_len_command
                0x0000c4e0                hci_validate_le_read_suggested_def_data_len_command
                0x0000c4e4                hci_validate_le_read_maximum_data_length_command
                0x0000c4e8                hci_validate_reset_command
                0x0000c4ec                hci_validate_le_encrypt_cmd_params
                0x0000c4f0                hci_validate_le_read_whitelist_size_command
                0x0000c4f4                hci_validate_le_clear_whitelist_command
                0x0000c4f8                hci_validate_le_add_rem_dev_in_wh_list_cmd
                0x0000c506                hci_validate_le_read_ch_map_command
                0x0000c51a                hci_validate_le_set_host_ch_map_command
                0x0000c53c                hci_validate_le_receiver_test_command
                0x0000c54a                hci_validate_le_transmitter_test_command
                0x0000c55e                hci_validate_le_test_end_command
                0x0000c562                hci_validate_read_transmit_power_level_command
                0x0000c582                hci_validate_read_rssi_command
                0x0000c596                hci_validate_read_resolvable_address_command
                0x0000c5a4                hci_validate_set_address_resolution_enable_command
                0x0000c5b2                hci_validate_set_resolvable_private_address_timeout_command
                0x0000c5d8                hci_validate_le_add_dev_in_resolving_list_cmd
                0x0000c5e6                hci_validate_le_rem_dev_from_resolving_list_cmd
                0x0000c5f4                hci_validate_le_clear_resolving_list_command
                0x0000c5f8                hci_validate_le_read_resolving_list_size_command
 .text          0x0000c5fc      0x398 D:\MCUXpressoIDE_workspace\frdmkw41z_wireless_examples_bluetooth_wireless_uart_freertos_05\libs\lib_ble_kw41z_controller.a(lec_hci_br_edr_commands.o)
                0x0000c5fc                lec_hci_convert_br_edr_command_params
                0x0000c66a                lec_hci_handle_br_edr_command
                0x0000c704                lec_hci_handle_reset_command
                0x0000c71c                lec_hci_handle_br_edr_set_event_mask_command
                0x0000c75a                lec_hci_handle_br_edr_set_event_mask_page2_command
                0x0000c778                lec_hci_handle_read_transmit_power_level_command
                0x0000c780                lec_hci_handle_read_rssi_command
                0x0000c788                lec_hci_handle_disconnect
                0x0000c7a0                lec_hci_handle_remote_version_cmd
                0x0000c7a8                lec_hci_handle_read_authenticated_payload_timeout_command
                0x0000c7c6                lec_hci_handle_write_authenticated_payload_timeout_command
                0x0000c7e4                lec_get_expected_br_edr_cmd_param_length
                0x0000c848                lec_generate_br_edr_command_complete_event
 .text          0x0000c994       0x20 D:\MCUXpressoIDE_workspace\frdmkw41z_wireless_examples_bluetooth_wireless_uart_freertos_05\libs\lib_ble_kw41z_controller.a(lec_hci_le_adv_commands.o)
                0x0000c994                lec_hci_handle_set_scan_response_command
                0x0000c99c                lec_hci_handle_set_adv_param_command
                0x0000c9a4                lec_hci_handle_set_adv_data_command
                0x0000c9ac                lec_hci_handle_set_adv_enable_command
 .text          0x0000c9b4      0xe30 D:\MCUXpressoIDE_workspace\frdmkw41z_wireless_examples_bluetooth_wireless_uart_freertos_05\libs\lib_ble_4-2_host_cm0p.a(gap_api2msg.o)
                0x0000c9b4                Ble_HostInitialize
                0x0000c9bc                Gap_RegisterDeviceSecurityRequirements
                0x0000c9c4                Gap_SetAdvertisingParameters
                0x0000ca08                Gap_SetAdvertisingData
                0x0000cb96                Gap_StartAdvertising
                0x0000cbce                Gap_StopAdvertising
                0x0000cbfc                Gap_Authorize
                0x0000cc04                Gap_SaveCccd
                0x0000cc0c                Gap_CheckNotificationStatus
                0x0000cc14                Gap_CheckIndicationStatus
                0x0000cc1c                Gap_GetBondedStaticAddresses
                0x0000cc24                Gap_GetBondedDevicesIdentityInformation
                0x0000cc2c                Gap_Pair
                0x0000cc76                Gap_SetDefaultPairingParameters
                0x0000cc8c                Gap_SendSlaveSecurityRequest
                0x0000cccc                Gap_EncryptLink
                0x0000cd1c                Gap_AcceptPairingRequest
                0x0000cd68                Gap_RejectPairing
                0x0000cdbc                Gap_EnterPasskey
                0x0000cdfe                Gap_ProvideOob
                0x0000ce46                Gap_RejectPasskeyRequest
                0x0000ce7a                Gap_SendSmpKeys
                0x0000cf90                Gap_RejectKeyExchangeRequest
                0x0000cfc8                Gap_ProvideLongTermKey
                0x0000d024                Gap_DenyLongTermKey
                0x0000d060                Gap_LoadEncryptionInformation
                0x0000d070                Gap_SetLocalPasskey
                0x0000d078                Gap_SetScanMode
                0x0000d080                Gap_StartScanning
                0x0000d0ce                Gap_StopScanning
                0x0000d0fc                Gap_Connect
                0x0000d144                Gap_Disconnect
                0x0000d178                Gap_SaveCustomPeerInformation
                0x0000d180                Gap_LoadCustomPeerInformation
                0x0000d188                Gap_CheckIfBonded
                0x0000d190                Gap_ReadWhiteListSize
                0x0000d1be                Gap_ClearWhiteList
                0x0000d1ec                Gap_AddDeviceToWhiteList
                0x0000d22c                Gap_RemoveDeviceFromWhiteList
                0x0000d26c                Gap_ReadPublicDeviceAddress
                0x0000d2a0                Gap_CreateRandomDeviceAddress
                0x0000d30c                Gap_SaveDeviceName
                0x0000d314                Gap_GetBondedDevicesCount
                0x0000d31c                Gap_GetBondedDeviceName
                0x0000d324                Gap_VerifyPrivateResolvableAddress
                0x0000d364                Gap_SetRandomAddress
                0x0000d3a4                Gap_RemoveBond
                0x0000d3ac                Gap_RemoveAllBonds
                0x0000d3b4                Gap_ReadRadioPowerLevel
                0x0000d3f0                Gap_SetTxPowerLevel
                0x0000d3f8                Gap_UpdateConnectionParameters
                0x0000d45e                Gap_EnableUpdateConnectionParameters
                0x0000d4ae                Gap_UpdateLeDataLength
                0x0000d502                Gap_ControllerReset
                0x0000d50a                Gap_EnableHostPrivacy
                0x0000d512                Gap_LeScRegeneratePublicKey
                0x0000d540                Gap_LeScValidateNumericValue
                0x0000d578                Gap_LeScGetLocalOobData
                0x0000d5ac                Gap_LeScSetPeerOobData
                0x0000d5f4                Gap_LeScSendKeypressNotification
                0x0000d62c                Gap_EnableControllerPrivacy
                0x0000d6ac                Gap_ControllerTest
                0x0000d6c6                Gap_SendSingleAdvertisement
                0x0000d7a6                InternalGap_PostSmCheckResult
 .text          0x0000d7e4      0x770 D:\MCUXpressoIDE_workspace\frdmkw41z_wireless_examples_bluetooth_wireless_uart_freertos_05\libs\lib_ble_4-2_host_cm0p.a(gatt_api2msg.o)
                0x0000d7e4                Gatt_Init
                0x0000d7ec                Gatt_GetMtu
                0x0000d7fc                GattClient_Init
                0x0000d804                GattClient_ResetProcedure
                0x0000d832                GattClient_RegisterProcedureCallback
                0x0000d83c                GattClient_RegisterNotificationCallback
                0x0000d846                GattClient_RegisterIndicationCallback
                0x0000d850                GattClient_ExchangeMtu
                0x0000d884                GattClient_DiscoverAllPrimaryServices
                0x0000d8d4                GattClient_DiscoverPrimaryServicesByUuid
                0x0000d940                GattClient_FindIncludedServices
                0x0000d98e                GattClient_DiscoverAllCharacteristicsOfService
                0x0000d9dc                GattClient_DiscoverCharacteristicOfServiceByUuid
                0x0000da5c                GattClient_DiscoverAllCharacteristicDescriptors
                0x0000dabc                GattClient_ReadCharacteristicValue
                0x0000db10                GattClient_ReadUsingCharacteristicUuid
                0x0000dba8                GattClient_ReadMultipleCharacteristicValues
                0x0000dc08                GattClient_WriteCharacteristicValue
                0x0000dc9a                GattClient_ReadCharacteristicDescriptor
                0x0000dce8                GattClient_WriteCharacteristicDescriptor
                0x0000dd44                GattServer_Init
                0x0000dd4c                GattServer_RegisterCallback
                0x0000dd56                GattServer_RegisterHandlesForWriteNotifications
                0x0000dd7a                GattServer_SendAttributeWrittenStatus
                0x0000ddbc                GattServer_RegisterHandlesForReadNotifications
                0x0000dde0                GattServer_SendAttributeReadStatus
                0x0000de1c                GattServer_SendNotification
                0x0000de54                GattServer_SendIndication
                0x0000de90                GattServer_SendInstantValueNotification
                0x0000deea                GattServer_SendInstantValueIndication
 .text          0x0000df54     0x1bf4 D:\MCUXpressoIDE_workspace\frdmkw41z_wireless_examples_bluetooth_wireless_uart_freertos_05\libs\lib_ble_4-2_host_cm0p.a(gatt_client.o)
                0x0000df54                InternalGattClient_Init
                0x0000dfd4                InternalGattClient_ResetProcedures
                0x0000dfde                InternalGattClient_RegisterProcedureCallback
                0x0000dfe4                InternalGattClient_RegisterNotificationCallback